../Core/Src/esp8266.c:184:12:util_parser_ipaddr.constprop	24	static
../Core/Src/esp8266.c:25:5:send_atcmd	32	static
../Core/Src/esp8266.c:64:5:atcmd_send_data	24	static
../Core/Src/esp8266.c:100:5:esp8266_module_init	16	static
../Core/Src/esp8266.c:146:5:esp8266_join_network	160	static
../Core/Src/esp8266.c:216:5:esp8266_get_ipaddr	16	static
../Core/Src/esp8266.c:247:5:esp8266_ping_test	144	static
../Core/Src/esp8266.c:268:5:esp8266_sock_connect	152	static
../Core/Src/esp8266.c:291:5:esp8266_sock_disconnect	8	static
../Core/Src/esp8266.c:297:5:esp8266_sock_send	152	static
../Core/Src/esp8266.c:322:5:esp8266_sock_recv	32	static
