../Core/Src/esp8266.c:21:5:send_atcmd	40	static
../Core/Src/esp8266.c:60:5:atcmd_send_data	32	static
../Core/Src/esp8266.c:96:5:esp8266_module_init	16	static
../Core/Src/esp8266.c:142:5:esp8266_join_network	160	static
../Core/Src/esp8266.c:180:12:util_parser_ipaddr	40	static
../Core/Src/esp8266.c:212:5:esp8266_get_ipaddr	24	static
../Core/Src/esp8266.c:243:5:esp8266_ping_test	144	static
../Core/Src/esp8266.c:264:5:esp8266_sock_connect	152	static
../Core/Src/esp8266.c:287:5:esp8266_sock_disconnect	8	static
../Core/Src/esp8266.c:293:5:esp8266_sock_send	144	static
../Core/Src/esp8266.c:318:5:esp8266_sock_recv	40	static
