../Core/Src/main.c:120:5:main	8	static
../Core/Src/main.c:398:6:SystemClock_Config	96	static
../Core/Src/main.c:443:6:OLED_environment	88	static
../Core/Src/main.c:478:6:mqtt_subscribe_proc	592	static
../Core/Src/main.c:552:5:report_tempRH2_json	176	static
../Core/Src/main.c:580:5:report_tempRH1_json	152	static
../Core/Src/main.c:596:5:aliyun_json	40	static
../Core/Src/main.c:620:5:parser_led_json	56	static
../Core/Src/main.c:718:6:HAL_TIM_PeriodElapsedCallback	16	static
../Core/Src/main.c:735:6:Error_Handler	4	static,ignoring_inline_asm
