../Core/Src/oled/hal_oled.c:22:13:i2c_write_command	16	static
../Core/Src/oled/hal_oled.c:31:13:i2c_write_data	16	static
../Core/Src/oled/hal_oled.c:42:6:OLED_WR_Byte	16	static
../Core/Src/oled/hal_oled.c:57:6:OLED_Display_On	8	static
../Core/Src/oled/hal_oled.c:65:6:OLED_Display_Off	8	static
../Core/Src/oled/hal_oled.c:73:6:OLED_Clear	16	static
../Core/Src/oled/hal_oled.c:92:6:OLED_On	16	static
../Core/Src/oled/hal_oled.c:108:6:OLED_Init	8	static
../Core/Src/oled/hal_oled.c:166:6:OLED_Set_Pos	16	static
../Core/Src/oled/hal_oled.c:174:6:OLED_ShowChar	32	static
../Core/Src/oled/hal_oled.c:207:6:OLED_ShowString	24	static
../Core/Src/oled/hal_oled.c:228:6:OLED_ShowChinese	24	static
../Core/Src/oled/hal_oled.c:248:6:OLED_DrawBMP	32	static
